# Find a path to nonexistant node with Dijkstra's algorithm
# in a no edged graph

created graph graph

added node A to graph
added node B to graph

unknown node E

unknown node E

unknown node E
unknown node E